2025-07-02 10:44:12,889 INFO  [org.jboss.modules] (main) JBoss Modules version 2.1.6.Final
2025-07-02 10:44:13,181 INFO  [org.jboss.msc] (main) JBoss MSC version 1.5.5.Final
2025-07-02 10:44:13,184 INFO  [org.jboss.threads] (main) JBoss Threads version 2.4.0.Final
2025-07-02 10:44:13,226 INFO  [org.jboss.as] (MSC service thread 1-1) WFLYSRV0049: WildFly 36.0.1.Final (WildFly Core 28.0.1.Final) starting
2025-07-02 10:44:13,226 DEBUG [org.jboss.as.config] (MSC service thread 1-1) Configured system properties:
	[Standalone] = 
	file.encoding = UTF-8
	file.separator = /
	ftp.nonProxyHosts = local|*.local|169.254/16|*.169.254/16
	http.nonProxyHosts = local|*.local|169.254/16|*.169.254/16
	java.awt.headless = true
	java.class.path = /Users/lukaspetryla/docuPreparazione/as400/wildfly/jboss-modules.jar
	java.class.version = 61.0
	java.home = /opt/homebrew/Cellar/openjdk@17/17.0.14/libexec/openjdk.jdk/Contents/Home
	java.io.tmpdir = /var/folders/vg/5qlpj7vn38l9ys067mb4bxgh0000gn/T/
	java.library.path = /Users/lukaspetryla/Library/Java/Extensions:/Library/Java/Extensions:/Network/Library/Java/Extensions:/System/Library/Java/Extensions:/usr/lib/java:.
	java.net.preferIPv4Stack = true
	java.runtime.name = OpenJDK Runtime Environment
	java.runtime.version = 17.0.14+0
	java.specification.maintenance.version = 1
	java.specification.name = Java Platform API Specification
	java.specification.vendor = Oracle Corporation
	java.specification.version = 17
	java.util.logging.manager = org.jboss.logmanager.LogManager
	java.vendor = Homebrew
	java.vendor.url = https://github.com/Homebrew/homebrew-core/issues
	java.vendor.url.bug = https://github.com/Homebrew/homebrew-core/issues
	java.vendor.version = Homebrew
	java.version = 17.0.14
	java.version.date = 2025-01-21
	java.vm.compressedOopsMode = Zero based
	java.vm.info = mixed mode, sharing
	java.vm.name = OpenJDK 64-Bit Server VM
	java.vm.specification.name = Java Virtual Machine Specification
	java.vm.specification.vendor = Oracle Corporation
	java.vm.specification.version = 17
	java.vm.vendor = Homebrew
	java.vm.version = 17.0.14+0
	javax.management.builder.initial = org.jboss.as.jmx.PluggableMBeanServerBuilder
	jboss.home.dir = /Users/lukaspetryla/docuPreparazione/as400/wildfly
	jboss.host.name = mc
	jboss.modules.system.pkgs = org.jboss.byteman
	jboss.node.name = mc
	jboss.qualified.host.name = mc
	jboss.server.base.dir = /Users/lukaspetryla/docuPreparazione/as400/wildfly/standalone
	jboss.server.config.dir = /Users/lukaspetryla/docuPreparazione/as400/wildfly/standalone/configuration
	jboss.server.data.dir = /Users/lukaspetryla/docuPreparazione/as400/wildfly/standalone/data
	jboss.server.log.dir = /Users/lukaspetryla/docuPreparazione/as400/wildfly/standalone/log
	jboss.server.name = mc
	jboss.server.persist.config = true
	jboss.server.temp.dir = /Users/lukaspetryla/docuPreparazione/as400/wildfly/standalone/tmp
	jdk.debug = release
	jdk.serialFilter = maxbytes=10485760;maxdepth=128;maxarray=100000;maxrefs=300000
	line.separator = 

	logging.configuration = file:/Users/lukaspetryla/docuPreparazione/as400/wildfly/standalone/configuration/logging.properties
	module.path = /Users/lukaspetryla/docuPreparazione/as400/wildfly/modules
	native.encoding = UTF-8
	org.jboss.boot.log.file = /Users/lukaspetryla/docuPreparazione/as400/wildfly/standalone/log/server.log
	org.jboss.resolver.warning = true
	os.arch = aarch64
	os.name = Mac OS X
	os.version = 15.5
	path.separator = :
	socksNonProxyHosts = local|*.local|169.254/16|*.169.254/16
	sun.arch.data.model = 64
	sun.boot.library.path = /opt/homebrew/Cellar/openjdk@17/17.0.14/libexec/openjdk.jdk/Contents/Home/lib
	sun.cpu.endian = little
	sun.io.unicode.encoding = UnicodeBig
	sun.java.command = /Users/lukaspetryla/docuPreparazione/as400/wildfly/jboss-modules.jar -mp /Users/lukaspetryla/docuPreparazione/as400/wildfly/modules org.jboss.as.standalone -Djboss.home.dir=/Users/lukaspetryla/docuPreparazione/as400/wildfly -Djboss.server.base.dir=/Users/lukaspetryla/docuPreparazione/as400/wildfly/standalone
	sun.java.launcher = SUN_STANDARD
	sun.jnu.encoding = UTF-8
	sun.management.compiler = HotSpot 64-Bit Tiered Compilers
	sun.stderr.encoding = UTF-8
	sun.stdout.encoding = UTF-8
	user.country = IT
	user.dir = /Users/lukaspetryla/docuPreparazione/as400/wildfly
	user.home = /Users/lukaspetryla
	user.language = it
	user.name = lukaspetryla
	user.timezone = Europe/Rome
2025-07-02 10:44:13,227 DEBUG [org.jboss.as.config] (MSC service thread 1-1) VM Arguments: -D[Standalone] -Djdk.serialFilter=maxbytes=10485760;maxdepth=128;maxarray=100000;maxrefs=300000 -Xms64m -Xmx512m -Djava.net.preferIPv4Stack=true -Djboss.modules.system.pkgs=org.jboss.byteman -Djava.awt.headless=true --add-exports=java.desktop/sun.awt=ALL-UNNAMED --add-exports=java.naming/com.sun.jndi.ldap=ALL-UNNAMED --add-exports=java.naming/com.sun.jndi.url.ldap=ALL-UNNAMED --add-exports=java.naming/com.sun.jndi.url.ldaps=ALL-UNNAMED --add-exports=jdk.naming.dns/com.sun.jndi.dns=ALL-UNNAMED --add-opens=java.base/java.lang=ALL-UNNAMED --add-opens=java.base/java.lang.invoke=ALL-UNNAMED --add-opens=java.base/java.lang.reflect=ALL-UNNAMED --add-opens=java.base/java.io=ALL-UNNAMED --add-opens=java.base/java.net=ALL-UNNAMED --add-opens=java.base/java.security=ALL-UNNAMED --add-opens=java.base/java.util=ALL-UNNAMED --add-opens=java.base/java.util.concurrent=ALL-UNNAMED --add-opens=java.management/javax.management=ALL-UNNAMED --add-opens=java.naming/javax.naming=ALL-UNNAMED -Dorg.jboss.boot.log.file=/Users/lukaspetryla/docuPreparazione/as400/wildfly/standalone/log/server.log -Dlogging.configuration=file:/Users/lukaspetryla/docuPreparazione/as400/wildfly/standalone/configuration/logging.properties 
2025-07-02 10:44:13,484 INFO  [org.wildfly.security] (Controller Boot Thread) ELY00001: WildFly Elytron version 2.6.4.Final
2025-07-02 10:44:13,662 INFO  [org.jboss.as.server] (Controller Boot Thread) WFLYSRV0039: Creating http management service using socket-binding (management-http)
2025-07-02 10:44:13,667 INFO  [org.xnio] (MSC service thread 1-2) XNIO version 3.8.16.Final
2025-07-02 10:44:13,669 INFO  [org.xnio.nio] (MSC service thread 1-2) XNIO NIO Implementation Version 3.8.16.Final
2025-07-02 10:44:13,676 INFO  [org.wildfly.extension.elytron.oidc._private] (ServerService Thread Pool -- 53) WFLYOIDC0001: Activating WildFly Elytron OIDC Subsystem
2025-07-02 10:44:13,677 INFO  [org.jboss.as.clustering.infinispan] (ServerService Thread Pool -- 55) WFLYCLINF0001: Activating Infinispan subsystem.
2025-07-02 10:44:13,679 WARN  [org.jboss.as.txn] (ServerService Thread Pool -- 74) WFLYTX0013: The node-identifier attribute on the /subsystem=transactions is set to the default value. This is a danger for environments running multiple servers. Please make sure the attribute value is unique.
2025-07-02 10:44:13,679 INFO  [org.wildfly.extension.microprofile.config.smallrye] (ServerService Thread Pool -- 65) WFLYCONF0001: Activating MicroProfile Config Subsystem
2025-07-02 10:44:13,680 INFO  [org.wildfly.extension.health] (ServerService Thread Pool -- 54) WFLYHEALTH0001: Activating Base Health Subsystem
2025-07-02 10:44:13,680 INFO  [org.jboss.as.naming] (ServerService Thread Pool -- 67) WFLYNAM0001: Activating Naming Subsystem
2025-07-02 10:44:13,681 INFO  [org.wildfly.extension.microprofile.jwt.smallrye] (ServerService Thread Pool -- 66) WFLYJWT0001: Activating MicroProfile JWT Subsystem
2025-07-02 10:44:13,682 INFO  [org.jboss.as.jsf] (ServerService Thread Pool -- 62) WFLYJSF0007: Activated the following Jakarta Server Faces Implementations: [main]
2025-07-02 10:44:13,684 INFO  [org.wildfly.extension.metrics] (ServerService Thread Pool -- 64) WFLYMETRICS0001: Activating Base Metrics Subsystem
2025-07-02 10:44:13,687 INFO  [org.wildfly.extension.io] (ServerService Thread Pool -- 56) WFLYIO001: Worker 'default' has auto-configured to 24 IO threads with 192 max task threads based on your 12 available processors
2025-07-02 10:44:13,688 INFO  [org.jboss.as.webservices] (ServerService Thread Pool -- 76) WFLYWS0002: Activating WebServices Extension
2025-07-02 10:44:13,690 INFO  [org.jboss.as.connector] (MSC service thread 1-5) WFLYJCA0009: Starting Jakarta Connectors Subsystem (WildFly/IronJacamar 3.0.13.Final)
2025-07-02 10:44:13,694 INFO  [org.jboss.as.jaxrs] (ServerService Thread Pool -- 57) WFLYRS0016: RESTEasy version 6.2.12.Final
2025-07-02 10:44:13,696 INFO  [org.jboss.as.naming] (MSC service thread 1-8) WFLYNAM0003: Starting Naming Service
2025-07-02 10:44:13,696 INFO  [org.jboss.as.mail.extension] (MSC service thread 1-5) WFLYMAIL0001: Bound mail session [java:jboss/mail/Default]
2025-07-02 10:44:13,700 INFO  [org.jboss.as.connector.subsystems.datasources] (ServerService Thread Pool -- 44) WFLYJCA0004: Deploying JDBC-compliant driver class org.h2.Driver (version 2.2)
2025-07-02 10:44:13,702 INFO  [org.jboss.as.connector.deployers.jdbc] (MSC service thread 1-4) WFLYJCA0018: Started Driver service with driver-name = h2
2025-07-02 10:44:13,712 INFO  [org.jboss.remoting] (MSC service thread 1-5) JBoss Remoting version 5.0.31.Final
2025-07-02 10:44:13,715 WARN  [org.wildfly.extension.elytron] (MSC service thread 1-8) WFLYELY00023: KeyStore file '/Users/lukaspetryla/docuPreparazione/as400/wildfly/standalone/configuration/application.keystore' does not exist. Used blank.
2025-07-02 10:44:13,716 INFO  [org.jboss.as.connector.subsystems.datasources] (ServerService Thread Pool -- 44) WFLYJCA0004: Deploying JDBC-compliant driver class com.ibm.as400.access.AS400JDBCDriver (version 14.1)
2025-07-02 10:44:13,717 INFO  [org.wildfly.extension.undertow] (MSC service thread 1-2) WFLYUT0003: Undertow 2.3.18.Final starting
2025-07-02 10:44:13,717 INFO  [org.jboss.as.connector.deployers.jdbc] (MSC service thread 1-2) WFLYJCA0018: Started Driver service with driver-name = jt400
2025-07-02 10:44:13,726 WARN  [org.wildfly.extension.elytron] (MSC service thread 1-6) WFLYELY01084: KeyStore /Users/lukaspetryla/docuPreparazione/as400/wildfly/standalone/configuration/application.keystore not found, it will be auto-generated on first use with a self-signed certificate for host localhost
2025-07-02 10:44:13,738 INFO  [org.jboss.as.ejb3] (MSC service thread 1-5) WFLYEJB0481: Strict pool slsb-strict-max-pool is using a max instance size of 192 (per class), which is derived from thread worker pool sizing.
2025-07-02 10:44:13,738 INFO  [org.jboss.as.ejb3] (MSC service thread 1-6) WFLYEJB0482: Strict pool mdb-strict-max-pool is using a max instance size of 48 (per class), which is derived from the number of CPUs on this host.
2025-07-02 10:44:13,742 INFO  [org.wildfly.extension.undertow] (ServerService Thread Pool -- 75) WFLYUT0014: Creating file handler for path '/Users/lukaspetryla/docuPreparazione/as400/wildfly/welcome-content' with options [directory-listing: 'false', follow-symlink: 'false', case-sensitive: 'true', safe-symlink-paths: '[]']
2025-07-02 10:44:13,745 INFO  [org.wildfly.extension.undertow] (MSC service thread 1-4) WFLYUT0012: Started server default-server.
2025-07-02 10:44:13,746 INFO  [org.wildfly.extension.undertow] (MSC service thread 1-4) Queuing requests.
2025-07-02 10:44:13,747 INFO  [org.wildfly.extension.undertow] (MSC service thread 1-4) WFLYUT0018: Host default-host starting
2025-07-02 10:44:13,771 INFO  [org.wildfly.extension.undertow] (MSC service thread 1-3) WFLYUT0006: Undertow HTTP listener default listening on 127.0.0.1:8080
2025-07-02 10:44:13,778 INFO  [org.jboss.as.ejb3] (MSC service thread 1-3) WFLYEJB0493: Jakarta Enterprise Beans subsystem suspension complete
2025-07-02 10:44:13,781 INFO  [org.jboss.as.server.deployment] (MSC service thread 1-2) WFLYSRV0027: Starting deployment of "war_db2-wildfly-1.0-SNAPSHOT.war" (runtime-name: "war_db2-wildfly-1.0-SNAPSHOT.war")
2025-07-02 10:44:13,783 INFO  [org.jboss.as.server.deployment.scanner] (MSC service thread 1-1) WFLYDS0013: Started FileSystemDeploymentService for directory /Users/lukaspetryla/docuPreparazione/as400/wildfly/standalone/deployments
2025-07-02 10:44:13,800 INFO  [org.wildfly.extension.undertow] (MSC service thread 1-8) WFLYUT0006: Undertow HTTPS listener https listening on 127.0.0.1:8443
2025-07-02 10:44:13,806 INFO  [org.jboss.as.connector.subsystems.datasources] (MSC service thread 1-8) WFLYJCA0001: Bound data source [java:jboss/datasources/ExampleDS]
2025-07-02 10:44:13,806 INFO  [org.jboss.as.connector.subsystems.datasources] (MSC service thread 1-7) WFLYJCA0001: Bound data source [java:jboss/datasources/ibmlegacy]
2025-07-02 10:44:13,847 INFO  [org.jboss.ws.common.management] (MSC service thread 1-6) JBWS022052: Starting JBossWS 7.3.1.Final (Apache CXF 4.0.6) 
2025-07-02 10:44:14,420 WARN  [org.jboss.as.server.deployment] (MSC service thread 1-2) WFLYSRV0059: Class Path entry pdq.jar in /content/war_db2-wildfly-1.0-SNAPSHOT.war/WEB-INF/lib/jcc-11.5.0.0.jar  does not point to a valid jar for a Class-Path reference.
2025-07-02 10:44:14,826 INFO  [org.jboss.as.connector.deployers.jdbc] (MSC service thread 1-4) WFLYJCA0004: Deploying JDBC-compliant driver class com.ibm.db2.jcc.DB2Driver (version 4.26)
2025-07-02 10:44:14,842 INFO  [org.jboss.as.connector.deployers.jdbc] (MSC service thread 1-2) WFLYJCA0018: Started Driver service with driver-name = war_db2-wildfly-1.0-SNAPSHOT.war_com.ibm.db2.jcc.DB2Driver_4_26
2025-07-02 10:44:14,877 INFO  [org.wildfly.extension.undertow] (ServerService Thread Pool -- 81) WFLYUT0021: Registered web context: '/app' for server 'default-server'
2025-07-02 10:44:14,898 INFO  [org.jboss.as.server] (Controller Boot Thread) WFLYSRV0010: Deployed "war_db2-wildfly-1.0-SNAPSHOT.war" (runtime-name : "war_db2-wildfly-1.0-SNAPSHOT.war")
2025-07-02 10:44:14,911 INFO  [org.jboss.as.server] (Controller Boot Thread) WFLYSRV0212: Resuming server
2025-07-02 10:44:14,915 INFO  [org.jboss.as] (Controller Boot Thread) WFLYSRV0060: Http management interface listening on http://127.0.0.1:9990/management
2025-07-02 10:44:14,915 INFO  [org.jboss.as] (Controller Boot Thread) WFLYSRV0051: Admin console listening on http://127.0.0.1:9990
2025-07-02 10:44:14,916 INFO  [org.jboss.as] (Controller Boot Thread) WFLYSRV0025: WildFly 36.0.1.Final (WildFly Core 28.0.1.Final) started in 2256ms - Started 414 of 621 services (329 services are lazy, passive or on-demand) - Server configuration file in use: standalone.xml - Minimum feature stability level: community
2025-07-02 10:44:22,450 INFO  [org.jboss.as.server.deployment] (MSC service thread 1-8) WFLYSRV0027: Starting deployment of "war" (runtime-name: "war")
2025-07-02 10:44:22,484 INFO  [org.jboss.as.server] (management-handler-thread - 1) WFLYSRV0010: Deployed "war" (runtime-name : "war")
2025-07-02 10:45:29,590 INFO  [org.example.EmployeeDao] (default task-1) Driver JDBC DB2 caricato correttamente
2025-07-02 10:45:29,594 INFO  [org.example.UserServlet] (default task-1) Ricevuta richiesta GET su /users con parametro empno=null
2025-07-02 10:45:29,595 INFO  [org.example.EmployeeDao] (default task-1) Esecuzione query: SELECT EMPNO, FIRSTNME, LASTNAME FROM EMPLOYEE FETCH FIRST 5 ROWS ONLY
2025-07-02 10:45:29,713 INFO  [org.example.EmployeeDao] (default task-1) Connessione al database stabilita
2025-07-02 10:45:29,731 INFO  [org.example.EmployeeDao] (default task-1) Query eseguita con successo, recupero risultati
2025-07-02 10:45:29,732 INFO  [org.example.EmployeeDao] (default task-1) Numero di righe recuperate: 5
2025-07-02 10:45:29,732 INFO  [org.example.UserServlet] (default task-1) Query eseguita con successo, 5 righe restituite
2025-07-02 10:50:48,603 INFO  [org.jboss.as.server.deployment] (MSC service thread 1-5) WFLYSRV0028: Stopped deployment war (runtime-name: war) in 33ms
2025-07-02 10:50:48,616 INFO  [org.jboss.as.server] (External Management Request Threads -- 1) WFLYSRV0009: Undeployed "war" (runtime-name: "war")
2025-07-02 10:50:54,117 INFO  [org.jboss.as.connector.deployers.jdbc] (MSC service thread 1-7) WFLYJCA0019: Stopped Driver service with driver-name = war_db2-wildfly-1.0-SNAPSHOT.war_com.ibm.db2.jcc.DB2Driver_4_26
2025-07-02 10:50:54,119 INFO  [org.wildfly.extension.undertow] (ServerService Thread Pool -- 81) WFLYUT0022: Unregistered web context: '/app' from server 'default-server'
2025-07-02 10:50:54,138 INFO  [org.jboss.as.server.deployment] (MSC service thread 1-5) WFLYSRV0028: Stopped deployment war_db2-wildfly-1.0-SNAPSHOT.war (runtime-name: war_db2-wildfly-1.0-SNAPSHOT.war) in 21ms
2025-07-02 10:50:54,149 INFO  [org.jboss.as.server] (External Management Request Threads -- 1) WFLYSRV0009: Undeployed "war_db2-wildfly-1.0-SNAPSHOT.war" (runtime-name: "war_db2-wildfly-1.0-SNAPSHOT.war")
2025-07-02 10:51:05,938 INFO  [org.jboss.as.server.deployment] (MSC service thread 1-4) WFLYSRV0027: Starting deployment of "war" (runtime-name: "war")
2025-07-02 10:51:05,970 INFO  [org.jboss.as.server] (management-handler-thread - 1) WFLYSRV0010: Deployed "war" (runtime-name : "war")
2025-07-02 10:52:11,048 INFO  [org.jboss.as.server.deployment] (MSC service thread 1-8) WFLYSRV0028: Stopped deployment war (runtime-name: war) in 2ms
2025-07-02 10:52:11,061 INFO  [org.jboss.as.server] (management-handler-thread - 1) WFLYSRV0009: Undeployed "war" (runtime-name: "war")
2025-07-02 10:52:11,064 INFO  [org.jboss.as.server.deployment] (MSC service thread 1-4) WFLYSRV0027: Starting deployment of "war" (runtime-name: "war")
2025-07-02 10:52:11,092 INFO  [org.jboss.as.server] (management-handler-thread - 1) WFLYSRV0010: Deployed "war" (runtime-name : "war")
2025-07-02 10:53:15,608 INFO  [org.jboss.as.server.deployment] (MSC service thread 1-6) WFLYSRV0028: Stopped deployment war (runtime-name: war) in 4ms
2025-07-02 10:53:15,626 INFO  [org.jboss.as.server] (External Management Request Threads -- 2) WFLYSRV0009: Undeployed "war" (runtime-name: "war")
2025-07-02 11:03:35,807 INFO  [org.jboss.as.server.deployment] (MSC service thread 1-7) WFLYSRV0027: Starting deployment of "war_db2-wildfly-1.0-SNAPSHOT-release.war" (runtime-name: "war_db2-wildfly-1.0-SNAPSHOT-release.war")
2025-07-02 11:03:36,300 WARN  [org.jboss.as.server.deployment] (MSC service thread 1-6) WFLYSRV0059: Class Path entry pdq.jar in /content/war_db2-wildfly-1.0-SNAPSHOT-release.war/WEB-INF/lib/jcc-11.5.0.0.jar  does not point to a valid jar for a Class-Path reference.
2025-07-02 11:03:36,360 INFO  [org.jboss.as.connector.deployers.jdbc] (MSC service thread 1-3) WFLYJCA0004: Deploying JDBC-compliant driver class com.ibm.db2.jcc.DB2Driver (version 4.26)
2025-07-02 11:03:36,366 INFO  [org.jboss.as.connector.deployers.jdbc] (MSC service thread 1-1) WFLYJCA0018: Started Driver service with driver-name = war_db2-wildfly-1.0-SNAPSHOT-release.war_com.ibm.db2.jcc.DB2Driver_4_26
2025-07-02 11:03:36,369 INFO  [org.wildfly.extension.undertow] (ServerService Thread Pool -- 89) WFLYUT0021: Registered web context: '/app' for server 'default-server'
2025-07-02 11:03:36,378 INFO  [org.jboss.as.server] (management-handler-thread - 2) WFLYSRV0010: Deployed "war_db2-wildfly-1.0-SNAPSHOT-release.war" (runtime-name : "war_db2-wildfly-1.0-SNAPSHOT-release.war")
2025-07-02 11:03:55,956 INFO  [org.example.EmployeeDao] (default task-1) Driver JDBC DB2 caricato correttamente
2025-07-02 11:03:55,958 INFO  [org.example.UserServlet] (default task-1) Ricevuta richiesta GET su /users con parametro empno=null
2025-07-02 11:03:55,958 INFO  [org.example.EmployeeDao] (default task-1) Esecuzione query: SELECT EMPNO, FIRSTNME, LASTNAME FROM EMPLOYEE FETCH FIRST 5 ROWS ONLY
2025-07-02 11:03:56,102 INFO  [org.example.EmployeeDao] (default task-1) Connessione al database stabilita
2025-07-02 11:03:56,110 INFO  [org.example.EmployeeDao] (default task-1) Query eseguita con successo, recupero risultati
2025-07-02 11:03:56,111 INFO  [org.example.EmployeeDao] (default task-1) Numero di righe recuperate: 5
2025-07-02 11:03:56,111 INFO  [org.example.UserServlet] (default task-1) Query eseguita con successo, 5 righe restituite
2025-07-02 11:13:23,395 INFO  [org.jboss.as.connector.deployers.jdbc] (MSC service thread 1-1) WFLYJCA0019: Stopped Driver service with driver-name = war_db2-wildfly-1.0-SNAPSHOT-release.war_com.ibm.db2.jcc.DB2Driver_4_26
2025-07-02 11:13:23,396 INFO  [org.wildfly.extension.undertow] (ServerService Thread Pool -- 89) WFLYUT0022: Unregistered web context: '/app' from server 'default-server'
2025-07-02 11:13:23,407 INFO  [org.jboss.as.server.deployment] (MSC service thread 1-5) WFLYSRV0028: Stopped deployment war_db2-wildfly-1.0-SNAPSHOT-release.war (runtime-name: war_db2-wildfly-1.0-SNAPSHOT-release.war) in 12ms
2025-07-02 11:13:23,413 INFO  [org.jboss.as.server] (management-handler-thread - 2) WFLYSRV0009: Undeployed "war_db2-wildfly-1.0-SNAPSHOT-release.war" (runtime-name: "war_db2-wildfly-1.0-SNAPSHOT-release.war")
2025-07-02 11:13:31,357 INFO  [org.jboss.as.server.deployment] (MSC service thread 1-3) WFLYSRV0027: Starting deployment of "war_db2-wildfly-1.0-SNAPSHOT-release.war" (runtime-name: "war_db2-wildfly-1.0-SNAPSHOT-release.war")
2025-07-02 11:13:31,797 WARN  [org.jboss.as.server.deployment] (MSC service thread 1-7) WFLYSRV0059: Class Path entry pdq.jar in /content/war_db2-wildfly-1.0-SNAPSHOT-release.war/WEB-INF/lib/jcc-11.5.0.0.jar  does not point to a valid jar for a Class-Path reference.
2025-07-02 11:13:31,855 INFO  [org.jboss.as.connector.deployers.jdbc] (MSC service thread 1-2) WFLYJCA0004: Deploying JDBC-compliant driver class com.ibm.db2.jcc.DB2Driver (version 4.26)
2025-07-02 11:13:31,860 INFO  [org.jboss.as.connector.deployers.jdbc] (MSC service thread 1-6) WFLYJCA0018: Started Driver service with driver-name = war_db2-wildfly-1.0-SNAPSHOT-release.war_com.ibm.db2.jcc.DB2Driver_4_26
2025-07-02 11:13:31,863 INFO  [org.wildfly.extension.undertow] (ServerService Thread Pool -- 92) WFLYUT0021: Registered web context: '/app' for server 'default-server'
2025-07-02 11:13:31,869 INFO  [org.jboss.as.server] (management-handler-thread - 2) WFLYSRV0010: Deployed "war_db2-wildfly-1.0-SNAPSHOT-release.war" (runtime-name : "war_db2-wildfly-1.0-SNAPSHOT-release.war")
2025-07-02 11:14:42,507 INFO  [org.jboss.as.connector.deployers.jdbc] (MSC service thread 1-3) WFLYJCA0019: Stopped Driver service with driver-name = war_db2-wildfly-1.0-SNAPSHOT-release.war_com.ibm.db2.jcc.DB2Driver_4_26
2025-07-02 11:14:42,507 INFO  [org.wildfly.extension.undertow] (ServerService Thread Pool -- 92) WFLYUT0022: Unregistered web context: '/app' from server 'default-server'
2025-07-02 11:14:42,516 INFO  [org.jboss.as.server.deployment] (MSC service thread 1-3) WFLYSRV0028: Stopped deployment war_db2-wildfly-1.0-SNAPSHOT-release.war (runtime-name: war_db2-wildfly-1.0-SNAPSHOT-release.war) in 9ms
2025-07-02 11:14:42,523 INFO  [org.jboss.as.server] (management-handler-thread - 2) WFLYSRV0009: Undeployed "war_db2-wildfly-1.0-SNAPSHOT-release.war" (runtime-name: "war_db2-wildfly-1.0-SNAPSHOT-release.war")
2025-07-02 11:14:42,626 INFO  [org.jboss.as.server.deployment] (MSC service thread 1-1) WFLYSRV0027: Starting deployment of "war_db2-wildfly-1.0-SNAPSHOT-release.war" (runtime-name: "war_db2-wildfly-1.0-SNAPSHOT-release.war")
2025-07-02 11:14:42,983 WARN  [org.jboss.as.server.deployment] (MSC service thread 1-7) WFLYSRV0059: Class Path entry pdq.jar in /content/war_db2-wildfly-1.0-SNAPSHOT-release.war/WEB-INF/lib/jcc-11.5.0.0.jar  does not point to a valid jar for a Class-Path reference.
2025-07-02 11:14:43,034 INFO  [org.jboss.as.connector.deployers.jdbc] (MSC service thread 1-8) WFLYJCA0004: Deploying JDBC-compliant driver class com.ibm.db2.jcc.DB2Driver (version 4.26)
2025-07-02 11:14:43,038 INFO  [org.jboss.as.connector.deployers.jdbc] (MSC service thread 1-2) WFLYJCA0018: Started Driver service with driver-name = war_db2-wildfly-1.0-SNAPSHOT-release.war_com.ibm.db2.jcc.DB2Driver_4_26
2025-07-02 11:14:43,041 INFO  [org.wildfly.extension.undertow] (ServerService Thread Pool -- 92) WFLYUT0021: Registered web context: '/app' for server 'default-server'
2025-07-02 11:14:43,045 INFO  [org.jboss.as.server] (management-handler-thread - 2) WFLYSRV0010: Deployed "war_db2-wildfly-1.0-SNAPSHOT-release.war" (runtime-name : "war_db2-wildfly-1.0-SNAPSHOT-release.war")
2025-07-02 11:24:39,041 INFO  [org.jboss.as.connector.deployers.jdbc] (MSC service thread 1-1) WFLYJCA0019: Stopped Driver service with driver-name = war_db2-wildfly-1.0-SNAPSHOT-release.war_com.ibm.db2.jcc.DB2Driver_4_26
2025-07-02 11:24:39,042 INFO  [org.wildfly.extension.undertow] (ServerService Thread Pool -- 92) WFLYUT0022: Unregistered web context: '/app' from server 'default-server'
2025-07-02 11:24:39,063 INFO  [org.jboss.as.server.deployment] (MSC service thread 1-7) WFLYSRV0028: Stopped deployment war_db2-wildfly-1.0-SNAPSHOT-release.war (runtime-name: war_db2-wildfly-1.0-SNAPSHOT-release.war) in 22ms
2025-07-02 11:24:39,073 INFO  [org.jboss.as.server] (management-handler-thread - 2) WFLYSRV0009: Undeployed "war_db2-wildfly-1.0-SNAPSHOT-release.war" (runtime-name: "war_db2-wildfly-1.0-SNAPSHOT-release.war")
2025-07-02 11:24:39,215 INFO  [org.jboss.as.server.deployment] (MSC service thread 1-7) WFLYSRV0027: Starting deployment of "war_db2-wildfly-1.0-SNAPSHOT-release.war" (runtime-name: "war_db2-wildfly-1.0-SNAPSHOT-release.war")
2025-07-02 11:24:39,626 WARN  [org.jboss.as.server.deployment] (MSC service thread 1-5) WFLYSRV0059: Class Path entry pdq.jar in /content/war_db2-wildfly-1.0-SNAPSHOT-release.war/WEB-INF/lib/jcc-11.5.0.0.jar  does not point to a valid jar for a Class-Path reference.
2025-07-02 11:24:39,675 INFO  [org.jboss.as.connector.deployers.jdbc] (MSC service thread 1-8) WFLYJCA0004: Deploying JDBC-compliant driver class com.ibm.db2.jcc.DB2Driver (version 4.26)
2025-07-02 11:24:39,678 INFO  [org.jboss.as.connector.deployers.jdbc] (MSC service thread 1-4) WFLYJCA0018: Started Driver service with driver-name = war_db2-wildfly-1.0-SNAPSHOT-release.war_com.ibm.db2.jcc.DB2Driver_4_26
2025-07-02 11:24:39,681 INFO  [org.wildfly.extension.undertow] (ServerService Thread Pool -- 95) WFLYUT0021: Registered web context: '/app' for server 'default-server'
2025-07-02 11:24:39,686 INFO  [org.jboss.as.server] (management-handler-thread - 2) WFLYSRV0010: Deployed "war_db2-wildfly-1.0-SNAPSHOT-release.war" (runtime-name : "war_db2-wildfly-1.0-SNAPSHOT-release.war")
2025-07-02 11:24:54,274 INFO  [org.example.EmployeeDao] (default task-1) Driver JDBC DB2 caricato correttamente
2025-07-02 11:24:54,275 INFO  [org.example.UserServlet] (default task-1) Ricevuta richiesta GET su /users con parametro empno=null
2025-07-02 11:24:54,275 INFO  [org.example.EmployeeDao] (default task-1) Esecuzione query: SELECT EMPNO, FIRSTNME, LASTNAME FROM EMPLOYEE FETCH FIRST 5 ROWS ONLY
2025-07-02 11:24:54,402 INFO  [org.example.EmployeeDao] (default task-1) Connessione al database stabilita
2025-07-02 11:24:54,408 INFO  [org.example.EmployeeDao] (default task-1) Query eseguita con successo, recupero risultati
2025-07-02 11:24:54,410 INFO  [org.example.EmployeeDao] (default task-1) Numero di righe recuperate: 5
2025-07-02 11:24:54,410 INFO  [org.example.UserServlet] (default task-1) Query eseguita con successo, 5 righe restituite
